// Jest Snapshot v1, https://goo.gl/fbAQLP

exports[`class App extends _react.Component {
  constructor() {
    super();
    this.loadSamples = this.loadSamples.bind(this);
    this.addTask = this.addTask.bind(this);
    this.removeTask = this.removeTask.bind(this);
    this.updateTask = this.updateTask.bind(this);
    this.markComplete = this.markComplete.bind(this);
    this.setCurrentTaskEditable = this.setCurrentTaskEditable.bind(this);
    this.state = {
      tasks: {},
      editing: false,
      currentTask: {} };

  }

  addTask(task) {
    const tasks = Object.assign({}, this.state.tasks);
    const taskKey = Object.keys(tasks).length + 1;
    tasks[\`task\${taskKey}\`] = task;
    this.setState({ tasks });
  }

  removeTask(key) {
    const tasks = Object.assign({}, this.state.tasks);
    delete tasks[key];
    this.setState({ tasks });
  }

  updateTask(key, updatedTask) {
    const tasks = Object.assign({}, this.state.tasks);
    const task = tasks[key];
    task.task = updatedTask;
    task.edit = false;
    tasks[key] = task;
    this.setState({ tasks });
  }

  markComplete(key) {
    const tasks = Object.assign({}, this.state.tasks);
    let task = tasks[key];
    task.status = task.status === "Done" ? "InProgress" : "Done";
    tasks[key] = task;
    this.setState({ tasks });
  }

  setCurrentTaskEditable(key) {
    const tasks = Object.assign({}, this.state.tasks);
    const currentTask = tasks[key];
    currentTask["edit"] = !currentTask["edit"];
    tasks[key] = currentTask;
    this.setState({ tasks });
  }

  loadSamples() {
    this.setState({
      tasks: _simpleTasks.Tasks });

  }

  //Callback which runs before rendering the APP component
  componentWillMount() {
    this.loadSamples();
  }


  render() {
    return (
      _react2.default.createElement('div', { className: 'App', __source: { fileName: _jsxFileName, lineNumber: 79 }, __self: this },
        _react2.default.createElement(_Header2.default, { __source: { fileName: _jsxFileName, lineNumber: 80 }, __self: this }),
        _react2.default.createElement('div', { className: 'content', __source: { fileName: _jsxFileName, lineNumber: 81 }, __self: this },
          _react2.default.createElement(_TaskForm2.default, { addTask: this.addTask, tasks: this.state.tasks, __source: { fileName: _jsxFileName, lineNumber: 82 }, __self: this }),
          _react2.default.createElement('ul', { className: 'allTasks', __source: { fileName: _jsxFileName, lineNumber: 83 }, __self: this },
            Object.
            keys(this.state.tasks).map(
            key => _react2.default.createElement(_Task2.default, { key: key, index: key, task: this.state.tasks[key], removefromTask: this.removeTask, markasDone: this.markComplete, setCurrentTaskEditable: this.setCurrentTaskEditable, updateTask: this.updateTask, __source: { fileName: _jsxFileName, lineNumber: 86 }, __self: this })))),



        _react2.default.createElement(_Footer2.default, { __source: { fileName: _jsxFileName, lineNumber: 90 }, __self: this })));


  }} renders and matches the snapshot 1`] = `
<div
  className="App"
>
  <div
    className="header"
  >
    <header
      className="top"
    >
      <h1>
         This is a simple TODO application, developed using React 15.6 & React-Router4 & ES6
      </h1>
    </header>
  </div>
  <div
    className="content"
  >
    <form
      className="taskForm"
      onSubmit={[Function]}
    >
      <input
        placeholder="Task"
        type="text"
      />
      <button
        type="submit"
      >
        Add Task
      </button>
    </form>
    <ul
      className="allTasks"
    >
      <li
        className="task"
      >
        <h3
          className="taskName"
        >
          Everyones favorite white task. We will cut it to the size you need and ship it.
           - 
          in_progress
        </h3>
        <div>
          <button
            className="markcomplete"
            onClick={[Function]}
          >
            Mark Complete
          </button>
          <button
            className="editTask"
            onClick={[Function]}
          >
            Edit Task
          </button>
          <button
            className="removeTask"
            onClick={[Function]}
          >
            RemoveTask
          </button>
        </div>
      </li>
      <li
        className="task"
      >
        <h3
          className="taskName"
        >
          These tender, mouth-watering beauties are a fantastic hit at any dinner party.
           - 
          in_progress
        </h3>
        <div>
          <button
            className="markcomplete"
            onClick={[Function]}
          >
            Mark Complete
          </button>
          <button
            className="editTask"
            onClick={[Function]}
          >
            Edit Task
          </button>
          <button
            className="removeTask"
            onClick={[Function]}
          >
            RemoveTask
          </button>
        </div>
      </li>
      <li
        className="task"
      >
        <h3
          className="taskName"
        >
          Big, sweet and tender. True dry-pack scallops from the icey waters of Alaska. About 8-10 per pound
           - 
          unin_progress
        </h3>
        <div>
          <button
            className="markcomplete"
            onClick={[Function]}
          >
            Mark Complete
          </button>
          <button
            className="editTask"
            onClick={[Function]}
          >
            Edit Task
          </button>
          <button
            className="removeTask"
            onClick={[Function]}
          >
            RemoveTask
          </button>
        </div>
      </li>
      <li
        className="task"
      >
        <h3
          className="taskName"
        >
          Lean flesh with a mild, sweet flavor profile, moderately firm texture and large, moist flakes. 
           - 
          in_progress
        </h3>
        <div>
          <button
            className="markcomplete"
            onClick={[Function]}
          >
            Mark Complete
          </button>
          <button
            className="editTask"
            onClick={[Function]}
          >
            Edit Task
          </button>
          <button
            className="removeTask"
            onClick={[Function]}
          >
            RemoveTask
          </button>
        </div>
      </li>
      <li
        className="task"
      >
        <h3
          className="taskName"
        >
          Crack these open and enjoy them plain or with one of our cocktail sauces
           - 
          in_progress
        </h3>
        <div>
          <button
            className="markcomplete"
            onClick={[Function]}
          >
            Mark Complete
          </button>
          <button
            className="editTask"
            onClick={[Function]}
          >
            Edit Task
          </button>
          <button
            className="removeTask"
            onClick={[Function]}
          >
            RemoveTask
          </button>
        </div>
      </li>
      <li
        className="task"
      >
        <h3
          className="taskName"
        >
          This flaky, oily salmon is truly the king of the sea. Bake it, grill it, broil it...as good as it gets!
           - 
          in_progress
        </h3>
        <div>
          <button
            className="markcomplete"
            onClick={[Function]}
          >
            Mark Complete
          </button>
          <button
            className="editTask"
            onClick={[Function]}
          >
            Edit Task
          </button>
          <button
            className="removeTask"
            onClick={[Function]}
          >
            RemoveTask
          </button>
        </div>
      </li>
      <li
        className="task"
      >
        <h3
          className="taskName"
        >
          A soft plump oyster with a sweet salty flavor and a clean finish.
           - 
        </h3>
        <div>
          <button
            className="markcomplete"
            onClick={[Function]}
          >
            Mark Complete
          </button>
          <button
            className="editTask"
            onClick={[Function]}
          >
            Edit Task
          </button>
          <button
            className="removeTask"
            onClick={[Function]}
          >
            RemoveTask
          </button>
        </div>
      </li>
      <li
        className="task"
      >
        <h3
          className="taskName"
        >
          The best mussels from the Pacific Northwest with a full-flavored and complex taste.
           - 
          done
        </h3>
        <div>
          <button
            className="markcomplete"
            onClick={[Function]}
          >
            Mark Complete
          </button>
          <button
            className="editTask"
            onClick={[Function]}
          >
            Edit Task
          </button>
          <button
            className="removeTask"
            onClick={[Function]}
          >
            RemoveTask
          </button>
        </div>
      </li>
      <li
        className="task"
      >
        <h3
          className="taskName"
        >
          With 21-25 two bite prawns in each pound, these sweet morsels are perfect for shish-kabobs.
           - 
          new
        </h3>
        <div>
          <button
            className="markcomplete"
            onClick={[Function]}
          >
            Mark Complete
          </button>
          <button
            className="editTask"
            onClick={[Function]}
          >
            Edit Task
          </button>
          <button
            className="removeTask"
            onClick={[Function]}
          >
            RemoveTask
          </button>
        </div>
      </li>
    </ul>
  </div>
  <div
    className="footer"
  >
    <footer
      className="footer"
    >
      <p>
         Footer
      </p>
    </footer>
  </div>
</div>
`;
