// Jest Snapshot v1, https://goo.gl/fbAQLP

exports[`class TaskForm extends _react2.default.Component {


	createTask(event) {
		event.preventDefault();
		const task = { task: this.task.value, status: "New" };
		this.props.addTask(task);
		this.taskForm.reset();
	}

	render() {
		return (
			_react2.default.createElement('form', { ref: input => this.taskForm = input, className: 'taskForm', onSubmit: this.createTask.bind(this), __source: { fileName: _jsxFileName, lineNumber: 16 }, __self: this },
				_react2.default.createElement('input', { ref: input => this.task = input, type: 'text', placeholder: 'Task', __source: { fileName: _jsxFileName, lineNumber: 17 }, __self: this }),
				_react2.default.createElement('button', { type: 'submit', className: 'createTask', __source: { fileName: _jsxFileName, lineNumber: 18 }, __self: this }, 'Add Task')));


	}} renders and matches the snapshot 1`] = `
<form
  className="taskForm"
  onSubmit={[Function]}
>
  <input
    placeholder="Task"
    type="text"
  />
  <button
    className="createTask"
    type="submit"
  >
    Add Task
  </button>
</form>
`;
